../Core/Src/main_simple_light.c:79:5:main	24	static
../Core/Src/main_simple_light.c:157:6:SystemClock_Config	88	static
../Core/Src/main_simple_light.c:198:13:MX_TIM3_Init	64	static
../Core/Src/main_simple_light.c:255:13:MX_DMA_Init	16	static
../Core/Src/main_simple_light.c:273:13:MX_GPIO_Init	48	static
../Core/Src/main_simple_light.c:308:6:HAL_TIM_PWM_PulseFinishedCallback	16	static
../Core/Src/main_simple_light.c:313:6:HAL_GPIO_EXTI_Rising_Callback	24	static
../Core/Src/main_simple_light.c:346:6:Error_Handler	8	static,ignoring_inline_asm
